2026-06-21T10:18:48.013-0500 [DEBUG] [org.gradle.launcher.daemon.bootstrap.DaemonMain] Assuming the daemon was started with following jvm opts: [-XX:+HeapDumpOnOutOfMemoryError, --add-opens=java.base/java.util=ALL-UNNAMED, --add-opens=java.base/java.lang=ALL-UNNAMED, --add-opens=java.base/java.lang.invoke=ALL-UNNAMED, --add-opens=java.prefs/java.util.prefs=ALL-UNNAMED, --add-opens=java.base/java.nio.charset=ALL-UNNAMED, --add-opens=java.base/java.net=ALL-UNNAMED, --add-opens=java.base/java.util.concurrent.atomic=ALL-UNNAMED, -Xms2G, -Xmx5G, -Dfile.encoding=UTF-8, -Duser.country=US, -Duser.language=en, -Duser.variant]
2026-06-21T10:18:48.204-0500 [DEBUG] [org.gradle.internal.nativeintegration.services.NativeServices] Native-platform posix files integration is not available. Continuing with fallback.
2026-06-21T10:18:48.227-0500 [INFO] [org.gradle.launcher.daemon.server.Daemon] start() called on daemon - DefaultDaemonContext[uid=97be9a1d-e2a7-4c2a-9f79-09d0532a2537,javaHome=C:\Program Files\Java\jdk-17,javaVersion=17,daemonRegistryDir=D:\Users\wxinc\OneDrive\Desktop\Minecraft-modding-stuff\Furnitures-O-Plenty\.gradle-user-home\daemon,pid=22496,idleTimeout=120000,priority=NORMAL,applyInstrumentationAgent=true,nativeServicesMode=ENABLED,daemonOpts=-XX:+HeapDumpOnOutOfMemoryError,--add-opens=java.base/java.util=ALL-UNNAMED,--add-opens=java.base/java.lang=ALL-UNNAMED,--add-opens=java.base/java.lang.invoke=ALL-UNNAMED,--add-opens=java.prefs/java.util.prefs=ALL-UNNAMED,--add-opens=java.base/java.nio.charset=ALL-UNNAMED,--add-opens=java.base/java.net=ALL-UNNAMED,--add-opens=java.base/java.util.concurrent.atomic=ALL-UNNAMED,-Xms2G,-Xmx5G,-Dfile.encoding=UTF-8,-Duser.country=US,-Duser.language=en,-Duser.variant]
2026-06-21T10:18:48.342-0500 [DEBUG] [org.gradle.internal.remote.internal.inet.InetAddresses] Adding IP addresses for network interface Software Loopback Interface 1
2026-06-21T10:18:48.346-0500 [DEBUG] [org.gradle.internal.remote.internal.inet.InetAddresses] Is this a loopback interface? true
2026-06-21T10:18:48.346-0500 [DEBUG] [org.gradle.internal.remote.internal.inet.InetAddresses] Adding loopback address /127.0.0.1
2026-06-21T10:18:48.346-0500 [DEBUG] [org.gradle.internal.remote.internal.inet.InetAddresses] Adding loopback address /0:0:0:0:0:0:0:1
2026-06-21T10:18:48.347-0500 [DEBUG] [org.gradle.internal.remote.internal.inet.InetAddresses] Adding IP addresses for network interface Microsoft 6to4 Adapter
2026-06-21T10:18:48.351-0500 [DEBUG] [org.gradle.internal.remote.internal.inet.InetAddresses] Is this a loopback interface? false
2026-06-21T10:18:48.352-0500 [DEBUG] [org.gradle.internal.remote.internal.inet.InetAddresses] Adding IP addresses for network interface Killer(R) Wi-Fi 6 AX1650x 160MHz Wireless Network Adapter (200NGW)
2026-06-21T10:18:48.361-0500 [DEBUG] [org.gradle.internal.remote.internal.inet.InetAddresses] Is this a loopback interface? false
2026-06-21T10:18:48.362-0500 [DEBUG] [org.gradle.internal.remote.internal.inet.InetAddresses] Adding remote address /192.168.1.131
2026-06-21T10:18:48.363-0500 [DEBUG] [org.gradle.internal.remote.internal.inet.InetAddresses] Adding remote address /2600:1700:c00:3120:0:0:0:21
2026-06-21T10:18:48.363-0500 [DEBUG] [org.gradle.internal.remote.internal.inet.InetAddresses] Adding remote address /2600:1700:c00:3120:3474:9a8:1dc9:528c
2026-06-21T10:18:48.363-0500 [DEBUG] [org.gradle.internal.remote.internal.inet.InetAddresses] Adding remote address /2600:1700:c00:3120:9922:bf6f:ad3:1e06
2026-06-21T10:18:48.363-0500 [DEBUG] [org.gradle.internal.remote.internal.inet.InetAddresses] Adding remote address /fe80:0:0:0:6f01:82b2:3a70:3a17%wlan0
2026-06-21T10:18:48.363-0500 [DEBUG] [org.gradle.internal.remote.internal.inet.InetAddresses] Adding IP addresses for network interface WAN Miniport (IKEv2)
2026-06-21T10:18:48.368-0500 [DEBUG] [org.gradle.internal.remote.internal.inet.InetAddresses] Is this a loopback interface? false
2026-06-21T10:18:48.368-0500 [DEBUG] [org.gradle.internal.remote.internal.inet.InetAddresses] Adding IP addresses for network interface WAN Miniport (PPTP)
2026-06-21T10:18:48.372-0500 [DEBUG] [org.gradle.internal.remote.internal.inet.InetAddresses] Is this a loopback interface? false
2026-06-21T10:18:48.373-0500 [DEBUG] [org.gradle.internal.remote.internal.inet.InetAddresses] Adding IP addresses for network interface Microsoft IP-HTTPS Platform Adapter
2026-06-21T10:18:48.376-0500 [DEBUG] [org.gradle.internal.remote.internal.inet.InetAddresses] Is this a loopback interface? false
2026-06-21T10:18:48.377-0500 [DEBUG] [org.gradle.internal.remote.internal.inet.InetAddresses] Adding IP addresses for network interface Microsoft Kernel Debug Network Adapter
2026-06-21T10:18:48.381-0500 [DEBUG] [org.gradle.internal.remote.internal.inet.InetAddresses] Is this a loopback interface? false
2026-06-21T10:18:48.381-0500 [DEBUG] [org.gradle.internal.remote.internal.inet.InetAddresses] Adding IP addresses for network interface Microsoft Wi-Fi Direct Virtual Adapter
2026-06-21T10:18:48.386-0500 [DEBUG] [org.gradle.internal.remote.internal.inet.InetAddresses] Is this a loopback interface? false
2026-06-21T10:18:48.386-0500 [DEBUG] [org.gradle.internal.remote.internal.inet.InetAddresses] Adding remote address /fe80:0:0:0:235f:620d:6c2b:f05d%wlan1
2026-06-21T10:18:48.386-0500 [DEBUG] [org.gradle.internal.remote.internal.inet.InetAddresses] Adding IP addresses for network interface WAN Miniport (IP)
2026-06-21T10:18:48.389-0500 [DEBUG] [org.gradle.internal.remote.internal.inet.InetAddresses] Is this a loopback interface? false
2026-06-21T10:18:48.390-0500 [DEBUG] [org.gradle.internal.remote.internal.inet.InetAddresses] Adding IP addresses for network interface Bluetooth Device (Personal Area Network)
2026-06-21T10:18:48.393-0500 [DEBUG] [org.gradle.internal.remote.internal.inet.InetAddresses] Is this a loopback interface? false
2026-06-21T10:18:48.394-0500 [DEBUG] [org.gradle.internal.remote.internal.inet.InetAddresses] Adding remote address /fe80:0:0:0:7498:bde4:a6d6:b801%eth2
2026-06-21T10:18:48.394-0500 [DEBUG] [org.gradle.internal.remote.internal.inet.InetAddresses] Adding IP addresses for network interface Microsoft Teredo Tunneling Adapter
2026-06-21T10:18:48.398-0500 [DEBUG] [org.gradle.internal.remote.internal.inet.InetAddresses] Is this a loopback interface? false
2026-06-21T10:18:48.398-0500 [DEBUG] [org.gradle.internal.remote.internal.inet.InetAddresses] Adding remote address /2001:0:14c9:ce06:30cb:480d:97e3:5e26
2026-06-21T10:18:48.398-0500 [DEBUG] [org.gradle.internal.remote.internal.inet.InetAddresses] Adding remote address /fe80:0:0:0:30cb:480d:97e3:5e26%net4
2026-06-21T10:18:48.398-0500 [DEBUG] [org.gradle.internal.remote.internal.inet.InetAddresses] Adding IP addresses for network interface WAN Miniport (IPv6)
2026-06-21T10:18:48.402-0500 [DEBUG] [org.gradle.internal.remote.internal.inet.InetAddresses] Is this a loopback interface? false
2026-06-21T10:18:48.402-0500 [DEBUG] [org.gradle.internal.remote.internal.inet.InetAddresses] Adding IP addresses for network interface WAN Miniport (PPPOE)
2026-06-21T10:18:48.406-0500 [DEBUG] [org.gradle.internal.remote.internal.inet.InetAddresses] Is this a loopback interface? false
2026-06-21T10:18:48.406-0500 [DEBUG] [org.gradle.internal.remote.internal.inet.InetAddresses] Adding IP addresses for network interface WAN Miniport (L2TP)
2026-06-21T10:18:48.411-0500 [DEBUG] [org.gradle.internal.remote.internal.inet.InetAddresses] Is this a loopback interface? false
2026-06-21T10:18:48.411-0500 [DEBUG] [org.gradle.internal.remote.internal.inet.InetAddresses] Adding IP addresses for network interface Realtek Gaming 2.5GbE Family Controller
2026-06-21T10:18:48.416-0500 [DEBUG] [org.gradle.internal.remote.internal.inet.InetAddresses] Is this a loopback interface? false
2026-06-21T10:18:48.416-0500 [DEBUG] [org.gradle.internal.remote.internal.inet.InetAddresses] Adding remote address /fe80:0:0:0:eb7a:3e4c:5bd3:c948%eth4
2026-06-21T10:18:48.416-0500 [DEBUG] [org.gradle.internal.remote.internal.inet.InetAddresses] Adding IP addresses for network interface Microsoft Wi-Fi Direct Virtual Adapter #2
2026-06-21T10:18:48.420-0500 [DEBUG] [org.gradle.internal.remote.internal.inet.InetAddresses] Is this a loopback interface? false
2026-06-21T10:18:48.421-0500 [DEBUG] [org.gradle.internal.remote.internal.inet.InetAddresses] Adding remote address /fe80:0:0:0:926:266d:d9b6:9b73%wlan2
2026-06-21T10:18:48.421-0500 [DEBUG] [org.gradle.internal.remote.internal.inet.InetAddresses] Adding IP addresses for network interface WAN Miniport (Network Monitor)
2026-06-21T10:18:48.425-0500 [DEBUG] [org.gradle.internal.remote.internal.inet.InetAddresses] Is this a loopback interface? false
2026-06-21T10:18:48.426-0500 [DEBUG] [org.gradle.internal.remote.internal.inet.InetAddresses] Adding IP addresses for network interface WAN Miniport (SSTP)
2026-06-21T10:18:48.430-0500 [DEBUG] [org.gradle.internal.remote.internal.inet.InetAddresses] Is this a loopback interface? false
2026-06-21T10:18:48.430-0500 [DEBUG] [org.gradle.internal.remote.internal.inet.InetAddresses] Adding IP addresses for network interface Realtek Gaming 2.5GbE Family Controller-WFP Native MAC Layer LightWeight Filter-0000
2026-06-21T10:18:48.436-0500 [DEBUG] [org.gradle.internal.remote.internal.inet.InetAddresses] Is this a loopback interface? false
2026-06-21T10:18:48.437-0500 [DEBUG] [org.gradle.internal.remote.internal.inet.InetAddresses] Adding IP addresses for network interface Realtek Gaming 2.5GbE Family Controller-QoS Packet Scheduler-0000
2026-06-21T10:18:48.443-0500 [DEBUG] [org.gradle.internal.remote.internal.inet.InetAddresses] Is this a loopback interface? false
2026-06-21T10:18:48.443-0500 [DEBUG] [org.gradle.internal.remote.internal.inet.InetAddresses] Adding IP addresses for network interface Realtek Gaming 2.5GbE Family Controller-WFP 802.3 MAC Layer LightWeight Filter-0000
2026-06-21T10:18:48.447-0500 [DEBUG] [org.gradle.internal.remote.internal.inet.InetAddresses] Is this a loopback interface? false
2026-06-21T10:18:48.447-0500 [DEBUG] [org.gradle.internal.remote.internal.inet.InetAddresses] Adding IP addresses for network interface Killer(R) Wi-Fi 6 AX1650x 160MHz Wireless Network Adapter (200NGW)-WFP Native MAC Layer LightWeight Filter-0000
2026-06-21T10:18:48.452-0500 [DEBUG] [org.gradle.internal.remote.internal.inet.InetAddresses] Is this a loopback interface? false
2026-06-21T10:18:48.452-0500 [DEBUG] [org.gradle.internal.remote.internal.inet.InetAddresses] Adding IP addresses for network interface Killer(R) Wi-Fi 6 AX1650x 160MHz Wireless Network Adapter (200NGW)-Virtual WiFi Filter Driver-0000
2026-06-21T10:18:48.457-0500 [DEBUG] [org.gradle.internal.remote.internal.inet.InetAddresses] Is this a loopback interface? false
2026-06-21T10:18:48.457-0500 [DEBUG] [org.gradle.internal.remote.internal.inet.InetAddresses] Adding IP addresses for network interface Killer(R) Wi-Fi 6 AX1650x 160MHz Wireless Network Adapter (200NGW)-Native WiFi Filter Driver-0000
2026-06-21T10:18:48.462-0500 [DEBUG] [org.gradle.internal.remote.internal.inet.InetAddresses] Is this a loopback interface? false
2026-06-21T10:18:48.462-0500 [DEBUG] [org.gradle.internal.remote.internal.inet.InetAddresses] Adding IP addresses for network interface Killer(R) Wi-Fi 6 AX1650x 160MHz Wireless Network Adapter (200NGW)-QoS Packet Scheduler-0000
2026-06-21T10:18:48.467-0500 [DEBUG] [org.gradle.internal.remote.internal.inet.InetAddresses] Is this a loopback interface? false
2026-06-21T10:18:48.467-0500 [DEBUG] [org.gradle.internal.remote.internal.inet.InetAddresses] Adding IP addresses for network interface Killer(R) Wi-Fi 6 AX1650x 160MHz Wireless Network Adapter (200NGW)-WFP 802.3 MAC Layer LightWeight Filter-0000
2026-06-21T10:18:48.472-0500 [DEBUG] [org.gradle.internal.remote.internal.inet.InetAddresses] Is this a loopback interface? false
2026-06-21T10:18:48.472-0500 [DEBUG] [org.gradle.internal.remote.internal.inet.InetAddresses] Adding IP addresses for network interface Microsoft Wi-Fi Direct Virtual Adapter-WFP Native MAC Layer LightWeight Filter-0000
2026-06-21T10:18:48.479-0500 [DEBUG] [org.gradle.internal.remote.internal.inet.InetAddresses] Is this a loopback interface? false
2026-06-21T10:18:48.479-0500 [DEBUG] [org.gradle.internal.remote.internal.inet.InetAddresses] Adding IP addresses for network interface Microsoft Wi-Fi Direct Virtual Adapter-Native WiFi Filter Driver-0000
2026-06-21T10:18:48.484-0500 [DEBUG] [org.gradle.internal.remote.internal.inet.InetAddresses] Is this a loopback interface? false
2026-06-21T10:18:48.484-0500 [DEBUG] [org.gradle.internal.remote.internal.inet.InetAddresses] Adding IP addresses for network interface Microsoft Wi-Fi Direct Virtual Adapter-QoS Packet Scheduler-0000
2026-06-21T10:18:48.491-0500 [DEBUG] [org.gradle.internal.remote.internal.inet.InetAddresses] Is this a loopback interface? false
2026-06-21T10:18:48.491-0500 [DEBUG] [org.gradle.internal.remote.internal.inet.InetAddresses] Adding IP addresses for network interface Microsoft Wi-Fi Direct Virtual Adapter-WFP 802.3 MAC Layer LightWeight Filter-0000
2026-06-21T10:18:48.498-0500 [DEBUG] [org.gradle.internal.remote.internal.inet.InetAddresses] Is this a loopback interface? false
2026-06-21T10:18:48.499-0500 [DEBUG] [org.gradle.internal.remote.internal.inet.InetAddresses] Adding IP addresses for network interface Cloudflare WARP Interface Tunnel
2026-06-21T10:18:48.507-0500 [DEBUG] [org.gradle.internal.remote.internal.inet.InetAddresses] Is this a loopback interface? false
2026-06-21T10:18:48.507-0500 [DEBUG] [org.gradle.internal.remote.internal.inet.InetAddresses] Adding remote address /172.16.0.2
2026-06-21T10:18:48.507-0500 [DEBUG] [org.gradle.internal.remote.internal.inet.InetAddresses] Adding remote address /2606:4700:110:8c1f:8ca7:cb82:2921:2454
2026-06-21T10:18:48.507-0500 [DEBUG] [org.gradle.internal.remote.internal.inet.InetAddresses] Adding remote address /fe80:0:0:0:9123:b30b:2fed:ca74%net7
2026-06-21T10:18:48.508-0500 [DEBUG] [org.gradle.internal.remote.internal.inet.InetAddresses] Adding IP addresses for network interface WAN Miniport (IP)-WFP Native MAC Layer LightWeight Filter-0000
2026-06-21T10:18:48.514-0500 [DEBUG] [org.gradle.internal.remote.internal.inet.InetAddresses] Is this a loopback interface? false
2026-06-21T10:18:48.515-0500 [DEBUG] [org.gradle.internal.remote.internal.inet.InetAddresses] Adding IP addresses for network interface WAN Miniport (IP)-QoS Packet Scheduler-0000
2026-06-21T10:18:48.521-0500 [DEBUG] [org.gradle.internal.remote.internal.inet.InetAddresses] Is this a loopback interface? false
2026-06-21T10:18:48.521-0500 [DEBUG] [org.gradle.internal.remote.internal.inet.InetAddresses] Adding IP addresses for network interface WAN Miniport (IPv6)-WFP Native MAC Layer LightWeight Filter-0000
2026-06-21T10:18:48.526-0500 [DEBUG] [org.gradle.internal.remote.internal.inet.InetAddresses] Is this a loopback interface? false
2026-06-21T10:18:48.526-0500 [DEBUG] [org.gradle.internal.remote.internal.inet.InetAddresses] Adding IP addresses for network interface WAN Miniport (IPv6)-QoS Packet Scheduler-0000
2026-06-21T10:18:48.531-0500 [DEBUG] [org.gradle.internal.remote.internal.inet.InetAddresses] Is this a loopback interface? false
2026-06-21T10:18:48.532-0500 [DEBUG] [org.gradle.internal.remote.internal.inet.InetAddresses] Adding IP addresses for network interface WAN Miniport (Network Monitor)-WFP Native MAC Layer LightWeight Filter-0000
2026-06-21T10:18:48.538-0500 [DEBUG] [org.gradle.internal.remote.internal.inet.InetAddresses] Is this a loopback interface? false
2026-06-21T10:18:48.538-0500 [DEBUG] [org.gradle.internal.remote.internal.inet.InetAddresses] Adding IP addresses for network interface WAN Miniport (Network Monitor)-QoS Packet Scheduler-0000
2026-06-21T10:18:48.544-0500 [DEBUG] [org.gradle.internal.remote.internal.inet.InetAddresses] Is this a loopback interface? false
2026-06-21T10:18:48.544-0500 [DEBUG] [org.gradle.internal.remote.internal.inet.InetAddresses] Adding IP addresses for network interface Microsoft Wi-Fi Direct Virtual Adapter #2-WFP Native MAC Layer LightWeight Filter-0000
2026-06-21T10:18:48.552-0500 [DEBUG] [org.gradle.internal.remote.internal.inet.InetAddresses] Is this a loopback interface? false
2026-06-21T10:18:48.552-0500 [DEBUG] [org.gradle.internal.remote.internal.inet.InetAddresses] Adding IP addresses for network interface Microsoft Wi-Fi Direct Virtual Adapter #2-Native WiFi Filter Driver-0000
2026-06-21T10:18:48.557-0500 [DEBUG] [org.gradle.internal.remote.internal.inet.InetAddresses] Is this a loopback interface? false
2026-06-21T10:18:48.557-0500 [DEBUG] [org.gradle.internal.remote.internal.inet.InetAddresses] Adding IP addresses for network interface Microsoft Wi-Fi Direct Virtual Adapter #2-QoS Packet Scheduler-0000
2026-06-21T10:18:48.562-0500 [DEBUG] [org.gradle.internal.remote.internal.inet.InetAddresses] Is this a loopback interface? false
2026-06-21T10:18:48.562-0500 [DEBUG] [org.gradle.internal.remote.internal.inet.InetAddresses] Adding IP addresses for network interface Microsoft Wi-Fi Direct Virtual Adapter #2-WFP 802.3 MAC Layer LightWeight Filter-0000
2026-06-21T10:18:48.568-0500 [DEBUG] [org.gradle.internal.remote.internal.inet.InetAddresses] Is this a loopback interface? false
2026-06-21T10:18:48.578-0500 [DEBUG] [org.gradle.internal.remote.internal.inet.TcpIncomingConnector] Listening on [6c544701-860f-49c4-ad16-f4528fa4db10 port:54868, addresses:[localhost/127.0.0.1]].
2026-06-21T10:18:48.586-0500 [DEBUG] [org.gradle.launcher.daemon.server.Daemon] Daemon starting at: Sun Jun 21 10:18:48 CDT 2026, with address: [6c544701-860f-49c4-ad16-f4528fa4db10 port:54868, addresses:[localhost/127.0.0.1]]
2026-06-21T10:18:48.586-0500 [INFO] [org.gradle.launcher.daemon.server.DaemonRegistryUpdater] Advertising the daemon address to the clients: [6c544701-860f-49c4-ad16-f4528fa4db10 port:54868, addresses:[localhost/127.0.0.1]]
2026-06-21T10:18:48.587-0500 [DEBUG] [org.gradle.launcher.daemon.server.DaemonRegistryUpdater] Advertised daemon context: DefaultDaemonContext[uid=97be9a1d-e2a7-4c2a-9f79-09d0532a2537,javaHome=C:\Program Files\Java\jdk-17,javaVersion=17,daemonRegistryDir=D:\Users\wxinc\OneDrive\Desktop\Minecraft-modding-stuff\Furnitures-O-Plenty\.gradle-user-home\daemon,pid=22496,idleTimeout=120000,priority=NORMAL,applyInstrumentationAgent=true,nativeServicesMode=ENABLED,daemonOpts=-XX:+HeapDumpOnOutOfMemoryError,--add-opens=java.base/java.util=ALL-UNNAMED,--add-opens=java.base/java.lang=ALL-UNNAMED,--add-opens=java.base/java.lang.invoke=ALL-UNNAMED,--add-opens=java.prefs/java.util.prefs=ALL-UNNAMED,--add-opens=java.base/java.nio.charset=ALL-UNNAMED,--add-opens=java.base/java.net=ALL-UNNAMED,--add-opens=java.base/java.util.concurrent.atomic=ALL-UNNAMED,-Xms2G,-Xmx5G,-Dfile.encoding=UTF-8,-Duser.country=US,-Duser.language=en,-Duser.variant]
2026-06-21T10:18:48.588-0500 [DEBUG] [org.gradle.launcher.daemon.registry.PersistentDaemonRegistry] Storing daemon address: [6c544701-860f-49c4-ad16-f4528fa4db10 port:54868, addresses:[localhost/127.0.0.1]], context: DefaultDaemonContext[uid=97be9a1d-e2a7-4c2a-9f79-09d0532a2537,javaHome=C:\Program Files\Java\jdk-17,javaVersion=17,daemonRegistryDir=D:\Users\wxinc\OneDrive\Desktop\Minecraft-modding-stuff\Furnitures-O-Plenty\.gradle-user-home\daemon,pid=22496,idleTimeout=120000,priority=NORMAL,applyInstrumentationAgent=true,nativeServicesMode=ENABLED,daemonOpts=-XX:+HeapDumpOnOutOfMemoryError,--add-opens=java.base/java.util=ALL-UNNAMED,--add-opens=java.base/java.lang=ALL-UNNAMED,--add-opens=java.base/java.lang.invoke=ALL-UNNAMED,--add-opens=java.prefs/java.util.prefs=ALL-UNNAMED,--add-opens=java.base/java.nio.charset=ALL-UNNAMED,--add-opens=java.base/java.net=ALL-UNNAMED,--add-opens=java.base/java.util.concurrent.atomic=ALL-UNNAMED,-Xms2G,-Xmx5G,-Dfile.encoding=UTF-8,-Duser.country=US,-Duser.language=en,-Duser.variant]
2026-06-21T10:18:48.604-0500 [DEBUG] [org.gradle.cache.internal.DefaultFileLockManager] Waiting to acquire exclusive lock on daemon addresses registry.
2026-06-21T10:18:48.612-0500 [DEBUG] [org.gradle.cache.internal.DefaultFileLockManager] Lock acquired on daemon addresses registry.
2026-06-21T10:18:48.622-0500 [DEBUG] [org.gradle.cache.internal.DefaultFileLockManager] Releasing lock on daemon addresses registry.
2026-06-21T10:18:48.623-0500 [LIFECYCLE] [org.gradle.launcher.daemon.server.Daemon] Daemon server started.
2026-06-21T10:18:48.625-0500 [DEBUG] [org.gradle.launcher.daemon.bootstrap.DaemonStartupCommunication] Completed writing the daemon greeting. Closing streams...
2026-06-21T10:18:48.636-0500 [DEBUG] [org.gradle.launcher.daemon.server.Daemon] stopOnExpiration() called on daemon
2026-06-21T10:18:48.637-0500 [DEBUG] [org.gradle.launcher.daemon.server.Daemon] awaitExpiration() called on daemon
2026-06-21T10:18:48.638-0500 [DEBUG] [org.gradle.launcher.daemon.server.DaemonStateCoordinator] daemon is running. Sleeping until state changes.
2026-06-21T10:18:48.902-0500 [DEBUG] [org.gradle.internal.remote.internal.inet.TcpIncomingConnector] Accepted connection from /127.0.0.1:54870 to /127.0.0.1:54868.
2026-06-21T10:18:49.073-0500 [DEBUG] [org.gradle.launcher.daemon.server.SynchronizedDispatchConnection] thread 30: received class org.gradle.launcher.daemon.protocol.Build
2026-06-21T10:18:49.073-0500 [DEBUG] [org.gradle.launcher.daemon.server.DefaultDaemonConnection] thread 30: Received non-IO message from client: Build{id=22d99687-4f60-4080-85a2-4ea24d854395, currentDir=D:\Users\wxinc\OneDrive\Desktop\Minecraft-modding-stuff\Furnitures-O-Plenty}
2026-06-21T10:18:49.074-0500 [INFO] [org.gradle.launcher.daemon.server.DefaultIncomingConnectionHandler] Received command: Build{id=22d99687-4f60-4080-85a2-4ea24d854395, currentDir=D:\Users\wxinc\OneDrive\Desktop\Minecraft-modding-stuff\Furnitures-O-Plenty}.
2026-06-21T10:18:49.074-0500 [DEBUG] [org.gradle.launcher.daemon.server.DefaultIncomingConnectionHandler] Starting executing command: Build{id=22d99687-4f60-4080-85a2-4ea24d854395, currentDir=D:\Users\wxinc\OneDrive\Desktop\Minecraft-modding-stuff\Furnitures-O-Plenty} with connection: socket connection from /127.0.0.1:54868 to /127.0.0.1:54870.
2026-06-21T10:18:49.079-0500 [DEBUG] [org.gradle.launcher.daemon.server.DaemonStateCoordinator] Command execution: started DaemonCommandExecution[command = Build{id=22d99687-4f60-4080-85a2-4ea24d854395, currentDir=D:\Users\wxinc\OneDrive\Desktop\Minecraft-modding-stuff\Furnitures-O-Plenty}, connection = DefaultDaemonConnection: socket connection from /127.0.0.1:54868 to /127.0.0.1:54870] after 0.0 minutes of idle
2026-06-21T10:18:49.079-0500 [INFO] [org.gradle.launcher.daemon.server.DaemonRegistryUpdater] Marking the daemon as busy, address: [6c544701-860f-49c4-ad16-f4528fa4db10 port:54868, addresses:[localhost/127.0.0.1]]
2026-06-21T10:18:49.080-0500 [DEBUG] [org.gradle.launcher.daemon.registry.PersistentDaemonRegistry] Marking busy by address: [6c544701-860f-49c4-ad16-f4528fa4db10 port:54868, addresses:[localhost/127.0.0.1]]
2026-06-21T10:18:49.083-0500 [DEBUG] [org.gradle.cache.internal.DefaultFileLockManager] Waiting to acquire exclusive lock on daemon addresses registry.
2026-06-21T10:18:49.083-0500 [DEBUG] [org.gradle.cache.internal.DefaultFileLockManager] Lock acquired on daemon addresses registry.
2026-06-21T10:18:49.085-0500 [DEBUG] [org.gradle.cache.internal.DefaultFileLockManager] Releasing lock on daemon addresses registry.
2026-06-21T10:18:49.087-0500 [DEBUG] [org.gradle.launcher.daemon.server.DaemonStateCoordinator] resetting idle timer
2026-06-21T10:18:49.088-0500 [DEBUG] [org.gradle.launcher.daemon.server.DaemonStateCoordinator] daemon is running. Sleeping until state changes.
2026-06-21T10:18:49.094-0500 [INFO] [org.gradle.launcher.daemon.server.exec.StartBuildOrRespondWithBusy] Daemon is about to start building Build{id=22d99687-4f60-4080-85a2-4ea24d854395, currentDir=D:\Users\wxinc\OneDrive\Desktop\Minecraft-modding-stuff\Furnitures-O-Plenty}. Dispatching build started information...
2026-06-21T10:18:49.095-0500 [DEBUG] [org.gradle.launcher.daemon.server.SynchronizedDispatchConnection] thread 32: dispatching org.gradle.launcher.daemon.protocol.BuildStarted@21ad3c40
2026-06-21T10:18:49.101-0500 [DEBUG] [org.gradle.launcher.daemon.server.SynchronizedDispatchConnection] thread 30: received class org.gradle.launcher.daemon.protocol.CloseInput
2026-06-21T10:18:49.101-0500 [DEBUG] [org.gradle.launcher.daemon.server.DefaultDaemonConnection] thread 30: Received IO message from client: org.gradle.launcher.daemon.protocol.CloseInput@2efc9581
2026-06-21T10:18:49.102-0500 [DEBUG] [org.gradle.launcher.daemon.server.exec.EstablishBuildEnvironment] Configuring env variables: [USERDOMAIN_ROAMINGPROFILE, PROCESSOR_LEVEL, ALLUSERSPROFILE, CODEX_SHELL, PROCESSOR_ARCHITECTURE, PSModulePath, SystemDrive, DIRNAME, USERNAME, ProgramFiles(x86), CODEX_INTERNAL_ORIGINATOR_OVERRIDE, APP_HOME, CODEX_SANDBOX_NETWORK_DISABLED, DEFAULT_JVM_OPTS, PATHEXT, SHELL, DriverData, OneDriveConsumer, LOG_FORMAT, ProgramData, GIT_LFS_PATH, ProgramW6432, HOMEPATH, PROCESSOR_IDENTIFIER, ProgramFiles, PUBLIC, ZSH_TMUX_AUTOSTARTED, windir, LOCALAPPDATA, USERDOMAIN, LOGONSERVER, JAVA_HOME, PROMPT, RUST_LOG, OneDrive, APPDATA, GRADLE_USER_HOME, VBOX_HWVIRTEX_IGNORE_SVM_IN_USE, JAVA_EXE, CODEX_THREAD_ID, CommonProgramFiles, Path, DISABLE_AUTO_UPDATE, OLLAMA_MODELS, OS, COMPUTERNAME, PROCESSOR_REVISION, CLASSPATH, CommonProgramW6432, ComSpec, APP_BASE_NAME, ZSH_TMUX_AUTOSTART, =D:, SystemRoot, TEMP, HOMEDRIVE, USERPROFILE, TMP, CommonProgramFiles(x86), NUMBER_OF_PROCESSORS]
2026-06-21T10:18:49.115-0500 [DEBUG] [org.gradle.launcher.daemon.server.exec.LogToClient] About to start relaying all logs to the client via the connection.
2026-06-21T10:18:49.116-0500 [INFO] [org.gradle.launcher.daemon.server.exec.LogToClient] The client will now receive all logging from the daemon (pid: 22496). The daemon log file: D:\Users\wxinc\OneDrive\Desktop\Minecraft-modding-stuff\Furnitures-O-Plenty\.gradle-user-home\daemon\8.8\daemon-22496.out.log
2026-06-21T10:18:49.120-0500 [DEBUG] [org.gradle.launcher.daemon.server.exec.RequestStopIfSingleUsedDaemon] Requesting daemon stop after processing Build{id=22d99687-4f60-4080-85a2-4ea24d854395, currentDir=D:\Users\wxinc\OneDrive\Desktop\Minecraft-modding-stuff\Furnitures-O-Plenty}
2026-06-21T10:18:49.120-0500 [LIFECYCLE] [org.gradle.launcher.daemon.server.DaemonStateCoordinator] Daemon will be stopped at the end of the build 
2026-06-21T10:18:49.120-0500 [DEBUG] [org.gradle.launcher.daemon.server.DaemonStateCoordinator] Stop as soon as idle requested. The daemon is busy: true
2026-06-21T10:18:49.121-0500 [DEBUG] [org.gradle.launcher.daemon.server.DaemonStateCoordinator] daemon stop has been requested. Sleeping until state changes.
2026-06-21T10:18:49.122-0500 [DEBUG] [org.gradle.launcher.daemon.server.exec.ExecuteBuild] The daemon has started executing the build.
2026-06-21T10:18:49.123-0500 [DEBUG] [org.gradle.launcher.daemon.server.exec.ExecuteBuild] Executing build with daemon context: DefaultDaemonContext[uid=97be9a1d-e2a7-4c2a-9f79-09d0532a2537,javaHome=C:\Program Files\Java\jdk-17,javaVersion=17,daemonRegistryDir=D:\Users\wxinc\OneDrive\Desktop\Minecraft-modding-stuff\Furnitures-O-Plenty\.gradle-user-home\daemon,pid=22496,idleTimeout=120000,priority=NORMAL,applyInstrumentationAgent=true,nativeServicesMode=ENABLED,daemonOpts=-XX:+HeapDumpOnOutOfMemoryError,--add-opens=java.base/java.util=ALL-UNNAMED,--add-opens=java.base/java.lang=ALL-UNNAMED,--add-opens=java.base/java.lang.invoke=ALL-UNNAMED,--add-opens=java.prefs/java.util.prefs=ALL-UNNAMED,--add-opens=java.base/java.nio.charset=ALL-UNNAMED,--add-opens=java.base/java.net=ALL-UNNAMED,--add-opens=java.base/java.util.concurrent.atomic=ALL-UNNAMED,-Xms2G,-Xmx5G,-Dfile.encoding=UTF-8,-Duser.country=US,-Duser.language=en,-Duser.variant]
2026-06-21T10:18:49.126-0500 [DEBUG] [org.gradle.launcher.daemon.server.clientinput.ClientInputForwarder] Closing this process' stdin at end of input.
This process will no longer process any forwarded input.
Java: 17.0.12, JVM: 17.0.12+8-LTS-286 (Oracle Corporation), Arch: amd64
files(...) dependencies are not deobfuscated. Use a flatDir repository instead: https://docs.gradle.org/current/userguide/declaring_repositories.html#sub:flat_dir_resolver
Cannot deobfuscate dependency of type DefaultFileCollectionDependency_Decorated, using obfuscated version!
files(...) dependencies are not deobfuscated. Use a flatDir repository instead: https://docs.gradle.org/current/userguide/declaring_repositories.html#sub:flat_dir_resolver
Cannot deobfuscate dependency of type DefaultFileCollectionDependency_Decorated, using obfuscated version!

Deprecated Gradle features were used in this build, making it incompatible with Gradle 9.0.

You can use '--warning-mode all' to show the individual deprecation warnings and determine if they come from your own scripts or plugins.

For more on this, please refer to https://docs.gradle.org/8.8/userguide/command_line_interface.html#sec:command_line_warnings in the Gradle documentation.

BUILD SUCCESSFUL in 32s
1 actionable task: 1 executed
2026-06-21T10:19:17.673-0500 [DEBUG] [org.gradle.launcher.daemon.server.exec.ExecuteBuild] The daemon has finished executing the build.
2026-06-21T10:19:17.692-0500 [DEBUG] [org.gradle.launcher.daemon.server.DaemonStateCoordinator] daemon stop has been requested. Sleeping until state changes.
2026-06-21T10:19:17.692-0500 [DEBUG] [org.gradle.launcher.daemon.server.DaemonStateCoordinator] Command execution: finished waiting for DaemonCommandExecution[command = Build{id=22d99687-4f60-4080-85a2-4ea24d854395, currentDir=D:\Users\wxinc\OneDrive\Desktop\Minecraft-modding-stuff\Furnitures-O-Plenty}, connection = DefaultDaemonConnection: socket connection from /127.0.0.1:54868 to /127.0.0.1:54870]. Result org.gradle.launcher.daemon.server.DaemonStateCoordinator@70ce9fca with state StopRequested
2026-06-21T10:19:17.693-0500 [DEBUG] [org.gradle.launcher.daemon.server.DaemonStateCoordinator] Command execution: completed DaemonCommandExecution[command = Build{id=22d99687-4f60-4080-85a2-4ea24d854395, currentDir=D:\Users\wxinc\OneDrive\Desktop\Minecraft-modding-stuff\Furnitures-O-Plenty}, connection = DefaultDaemonConnection: socket connection from /127.0.0.1:54868 to /127.0.0.1:54870]
2026-06-21T10:19:17.693-0500 [DEBUG] [org.gradle.launcher.daemon.server.DaemonStateCoordinator] resetting idle timer
2026-06-21T10:19:17.693-0500 [DEBUG] [org.gradle.launcher.daemon.server.DaemonStateCoordinator] Marking daemon stopped due to command completed and stop requested. The daemon is running a build: false
2026-06-21T10:19:17.693-0500 [DEBUG] [org.gradle.launcher.daemon.server.DaemonStateCoordinator] daemon has stopped.
2026-06-21T10:19:17.693-0500 [DEBUG] [org.gradle.launcher.daemon.server.Daemon] stop() called on daemon
2026-06-21T10:19:17.693-0500 [INFO] [org.gradle.launcher.daemon.server.Daemon] Stop requested. Daemon is removing its presence from the registry...
2026-06-21T10:19:17.694-0500 [DEBUG] [org.gradle.launcher.daemon.server.DaemonRegistryUpdater] Removing our presence to clients, eg. removing this address from the registry: [6c544701-860f-49c4-ad16-f4528fa4db10 port:54868, addresses:[localhost/127.0.0.1]]
2026-06-21T10:19:17.694-0500 [DEBUG] [org.gradle.launcher.daemon.server.exec.ReturnResult] Daemon is dispatching the build result: Success[value=org.gradle.launcher.exec.BuildActionResult@4d138b43]
2026-06-21T10:19:17.694-0500 [DEBUG] [org.gradle.launcher.daemon.registry.PersistentDaemonRegistry] Removing daemon address: [6c544701-860f-49c4-ad16-f4528fa4db10 port:54868, addresses:[localhost/127.0.0.1]]
2026-06-21T10:19:17.694-0500 [DEBUG] [org.gradle.launcher.daemon.server.SynchronizedDispatchConnection] thread 29: dispatching Success[value=org.gradle.launcher.exec.BuildActionResult@4d138b43]
2026-06-21T10:19:17.697-0500 [DEBUG] [org.gradle.launcher.daemon.server.SynchronizedDispatchConnection] thread 30: received class org.gradle.launcher.daemon.protocol.Finished
2026-06-21T10:19:17.697-0500 [DEBUG] [org.gradle.launcher.daemon.server.DefaultDaemonConnection] thread 30: Received non-IO message from client: org.gradle.launcher.daemon.protocol.Finished@5f8a2865
2026-06-21T10:19:17.699-0500 [DEBUG] [org.gradle.cache.internal.DefaultFileLockManager] Waiting to acquire exclusive lock on daemon addresses registry.
2026-06-21T10:19:17.699-0500 [DEBUG] [org.gradle.cache.internal.DefaultFileLockManager] Lock acquired on daemon addresses registry.
2026-06-21T10:19:17.699-0500 [DEBUG] [org.gradle.launcher.daemon.server.exec.CleanUpVirtualFileSystemAfterBuild] Cleaning virtual file system after build finished
2026-06-21T10:19:17.700-0500 [DEBUG] [org.gradle.launcher.daemon.server.DefaultIncomingConnectionHandler] Finishing executing command: Build{id=22d99687-4f60-4080-85a2-4ea24d854395, currentDir=D:\Users\wxinc\OneDrive\Desktop\Minecraft-modding-stuff\Furnitures-O-Plenty}
2026-06-21T10:19:17.701-0500 [DEBUG] [org.gradle.cache.internal.DefaultFileLockManager] Releasing lock on daemon addresses registry.
2026-06-21T10:19:17.701-0500 [DEBUG] [org.gradle.launcher.daemon.server.DefaultIncomingConnectionHandler] Received finished message: org.gradle.launcher.daemon.protocol.Finished@5f8a2865
2026-06-21T10:19:17.702-0500 [DEBUG] [org.gradle.launcher.daemon.server.DaemonRegistryUpdater] Address removed from registry.
2026-06-21T10:19:17.702-0500 [DEBUG] [org.gradle.launcher.daemon.server.SynchronizedDispatchConnection] thread 29: stopping connection
2026-06-21T10:19:17.705-0500 [DEBUG] [org.gradle.internal.remote.internal.inet.SocketConnection] Discarding EOFException: java.io.EOFException
2026-06-21T10:19:17.705-0500 [DEBUG] [org.gradle.launcher.daemon.server.SynchronizedDispatchConnection] thread 30: received null
2026-06-21T10:19:17.705-0500 [DEBUG] [org.gradle.launcher.daemon.server.DefaultDaemonConnection] thread 30: Received end-of-input from client.
2026-06-21T10:19:17.706-0500 [DEBUG] [org.gradle.launcher.daemon.server.SynchronizedDispatchConnection] thread 29: stopping connection
2026-06-21T10:19:17.708-0500 [DEBUG] [org.gradle.cache.internal.LockOnDemandCrossProcessCacheAccess] Releasing file lock for jars (D:\Users\wxinc\OneDrive\Desktop\Minecraft-modding-stuff\Furnitures-O-Plenty\.gradle-user-home\caches\jars-9)
2026-06-21T10:19:17.709-0500 [DEBUG] [org.gradle.cache.internal.DefaultFileLockManager] Releasing lock on jars (D:\Users\wxinc\OneDrive\Desktop\Minecraft-modding-stuff\Furnitures-O-Plenty\.gradle-user-home\caches\jars-9).
2026-06-21T10:19:17.709-0500 [DEBUG] [org.gradle.cache.internal.DefaultPersistentDirectoryStore] jars (D:\Users\wxinc\OneDrive\Desktop\Minecraft-modding-stuff\Furnitures-O-Plenty\.gradle-user-home\caches\jars-9) has last been fully cleaned up 0 hours ago
2026-06-21T10:19:17.710-0500 [DEBUG] [org.gradle.cache.internal.DefaultCacheCoordinator] Cache jars (D:\Users\wxinc\OneDrive\Desktop\Minecraft-modding-stuff\Furnitures-O-Plenty\.gradle-user-home\caches\jars-9) was closed 2 times.
2026-06-21T10:19:17.710-0500 [DEBUG] [org.gradle.cache.internal.LockOnDemandCrossProcessCacheAccess] Releasing file lock for file content cache (D:\Users\wxinc\OneDrive\Desktop\Minecraft-modding-stuff\Furnitures-O-Plenty\.gradle-user-home\caches\8.8\fileContent)
2026-06-21T10:19:17.710-0500 [DEBUG] [org.gradle.cache.internal.DefaultFileLockManager] Releasing lock on file content cache (D:\Users\wxinc\OneDrive\Desktop\Minecraft-modding-stuff\Furnitures-O-Plenty\.gradle-user-home\caches\8.8\fileContent).
2026-06-21T10:19:17.711-0500 [DEBUG] [org.gradle.cache.internal.DefaultCacheCoordinator] Cache file content cache (D:\Users\wxinc\OneDrive\Desktop\Minecraft-modding-stuff\Furnitures-O-Plenty\.gradle-user-home\caches\8.8\fileContent) was closed 2 times.
2026-06-21T10:19:17.711-0500 [DEBUG] [org.gradle.internal.watch.vfs.impl.WatchingVirtualFileSystem] Closing VFS, dropping state
2026-06-21T10:19:17.747-0500 [DEBUG] [org.gradle.internal.watch.registry.impl.DefaultFileWatcherRegistry] Finished listening to file system change events
2026-06-21T10:19:17.747-0500 [DEBUG] [org.gradle.cache.internal.DefaultCacheCoordinator] Cache Generated Gradle JARs cache (D:\Users\wxinc\OneDrive\Desktop\Minecraft-modding-stuff\Furnitures-O-Plenty\.gradle-user-home\caches\8.8\generated-gradle-jars) was closed 0 times.
2026-06-21T10:19:17.748-0500 [DEBUG] [org.gradle.cache.internal.LockOnDemandCrossProcessCacheAccess] Releasing file lock for artifact cache (D:\Users\wxinc\OneDrive\Desktop\Minecraft-modding-stuff\Furnitures-O-Plenty\.gradle-user-home\caches\modules-2)
2026-06-21T10:19:17.748-0500 [DEBUG] [org.gradle.cache.internal.DefaultFileLockManager] Releasing lock on artifact cache (D:\Users\wxinc\OneDrive\Desktop\Minecraft-modding-stuff\Furnitures-O-Plenty\.gradle-user-home\caches\modules-2).
2026-06-21T10:19:17.749-0500 [DEBUG] [org.gradle.cache.internal.DefaultPersistentDirectoryStore] artifact cache (D:\Users\wxinc\OneDrive\Desktop\Minecraft-modding-stuff\Furnitures-O-Plenty\.gradle-user-home\caches\modules-2) has last been fully cleaned up 0 hours ago
2026-06-21T10:19:17.749-0500 [DEBUG] [org.gradle.cache.internal.DefaultCacheCoordinator] Cache artifact cache (D:\Users\wxinc\OneDrive\Desktop\Minecraft-modding-stuff\Furnitures-O-Plenty\.gradle-user-home\caches\modules-2) was closed 29 times.
2026-06-21T10:19:17.750-0500 [DEBUG] [org.gradle.cache.internal.DefaultPersistentDirectoryStore] groovy-dsl (D:\Users\wxinc\OneDrive\Desktop\Minecraft-modding-stuff\Furnitures-O-Plenty\.gradle-user-home\caches\8.8\groovy-dsl) has last been fully cleaned up 0 hours ago
2026-06-21T10:19:17.750-0500 [DEBUG] [org.gradle.cache.internal.DefaultCacheCoordinator] Cache groovy-dsl (D:\Users\wxinc\OneDrive\Desktop\Minecraft-modding-stuff\Furnitures-O-Plenty\.gradle-user-home\caches\8.8\groovy-dsl) was closed 0 times.
2026-06-21T10:19:17.751-0500 [DEBUG] [org.gradle.cache.internal.DefaultPersistentDirectoryStore] Artifact transforms cache (D:\Users\wxinc\OneDrive\Desktop\Minecraft-modding-stuff\Furnitures-O-Plenty\.gradle-user-home\caches\8.8\transforms) has last been fully cleaned up 0 hours ago
2026-06-21T10:19:17.751-0500 [DEBUG] [org.gradle.cache.internal.DefaultCacheCoordinator] Cache Artifact transforms cache (D:\Users\wxinc\OneDrive\Desktop\Minecraft-modding-stuff\Furnitures-O-Plenty\.gradle-user-home\caches\8.8\transforms) was closed 0 times.
2026-06-21T10:19:17.751-0500 [DEBUG] [org.gradle.cache.internal.DefaultCacheCoordinator] Cache journal cache (D:\Users\wxinc\OneDrive\Desktop\Minecraft-modding-stuff\Furnitures-O-Plenty\.gradle-user-home\caches\journal-1) was closed 5 times.
2026-06-21T10:19:17.752-0500 [DEBUG] [org.gradle.cache.internal.LockOnDemandCrossProcessCacheAccess] Releasing file lock for file hash cache (D:\Users\wxinc\OneDrive\Desktop\Minecraft-modding-stuff\Furnitures-O-Plenty\.gradle-user-home\caches\8.8\fileHashes)
2026-06-21T10:19:17.752-0500 [DEBUG] [org.gradle.cache.internal.btree.BTreePersistentIndexedCache] Closing cache fileHashes.bin (D:\Users\wxinc\OneDrive\Desktop\Minecraft-modding-stuff\Furnitures-O-Plenty\.gradle-user-home\caches\8.8\fileHashes\fileHashes.bin)
2026-06-21T10:19:17.752-0500 [DEBUG] [org.gradle.cache.internal.btree.BTreePersistentIndexedCache] Closing cache resourceHashesCache.bin (D:\Users\wxinc\OneDrive\Desktop\Minecraft-modding-stuff\Furnitures-O-Plenty\.gradle-user-home\caches\8.8\fileHashes\resourceHashesCache.bin)
2026-06-21T10:19:17.753-0500 [DEBUG] [org.gradle.cache.internal.DefaultFileLockManager] Releasing lock on file hash cache (D:\Users\wxinc\OneDrive\Desktop\Minecraft-modding-stuff\Furnitures-O-Plenty\.gradle-user-home\caches\8.8\fileHashes).
2026-06-21T10:19:17.753-0500 [DEBUG] [org.gradle.cache.internal.DefaultCacheCoordinator] Cache file hash cache (D:\Users\wxinc\OneDrive\Desktop\Minecraft-modding-stuff\Furnitures-O-Plenty\.gradle-user-home\caches\8.8\fileHashes) was closed 4 times.
2026-06-21T10:19:17.753-0500 [DEBUG] [org.gradle.cache.internal.LockOnDemandCrossProcessCacheAccess] Releasing file lock for Java compile cache (D:\Users\wxinc\OneDrive\Desktop\Minecraft-modding-stuff\Furnitures-O-Plenty\.gradle-user-home\caches\8.8\javaCompile)
2026-06-21T10:19:17.754-0500 [DEBUG] [org.gradle.cache.internal.btree.BTreePersistentIndexedCache] Closing cache classAnalysis.bin (D:\Users\wxinc\OneDrive\Desktop\Minecraft-modding-stuff\Furnitures-O-Plenty\.gradle-user-home\caches\8.8\javaCompile\classAnalysis.bin)
2026-06-21T10:19:17.754-0500 [DEBUG] [org.gradle.cache.internal.DefaultFileLockManager] Releasing lock on Java compile cache (D:\Users\wxinc\OneDrive\Desktop\Minecraft-modding-stuff\Furnitures-O-Plenty\.gradle-user-home\caches\8.8\javaCompile).
2026-06-21T10:19:17.754-0500 [DEBUG] [org.gradle.cache.internal.DefaultCacheCoordinator] Cache Java compile cache (D:\Users\wxinc\OneDrive\Desktop\Minecraft-modding-stuff\Furnitures-O-Plenty\.gradle-user-home\caches\8.8\javaCompile) was closed 2 times.
2026-06-21T10:19:17.757-0500 [DEBUG] [org.gradle.internal.operations.DefaultBuildOperationRunner] Build operation 'Deleting unused version-specific caches in D:\Users\wxinc\OneDrive\Desktop\Minecraft-modding-stuff\Furnitures-O-Plenty\.gradle-user-home\caches' started
2026-06-21T10:19:17.758-0500 [DEBUG] [org.gradle.internal.operations.DefaultBuildOperationRunner] Completing Build operation 'Deleting unused version-specific caches in D:\Users\wxinc\OneDrive\Desktop\Minecraft-modding-stuff\Furnitures-O-Plenty\.gradle-user-home\caches'
2026-06-21T10:19:17.758-0500 [DEBUG] [org.gradle.internal.operations.DefaultBuildOperationRunner] Build operation 'Deleting unused version-specific caches in D:\Users\wxinc\OneDrive\Desktop\Minecraft-modding-stuff\Furnitures-O-Plenty\.gradle-user-home\caches' completed
Daemon vm is shutting down... The daemon has exited normally or was terminated in response to a user interrupt.
2026-06-21T10:19:17.760-0500 [DEBUG] [org.gradle.launcher.daemon.registry.PersistentDaemonRegistry] Removing daemon address: [6c544701-860f-49c4-ad16-f4528fa4db10 port:54868, addresses:[localhost/127.0.0.1]]
2026-06-21T10:19:17.762-0500 [DEBUG] [org.gradle.cache.internal.DefaultFileLockManager] Waiting to acquire exclusive lock on daemon addresses registry.
2026-06-21T10:19:17.763-0500 [DEBUG] [org.gradle.cache.internal.DefaultFileLockManager] Lock acquired on daemon addresses registry.
2026-06-21T10:19:17.764-0500 [DEBUG] [org.gradle.cache.internal.DefaultFileLockManager] Releasing lock on daemon addresses registry.
